<?xml version="1.0" encoding="UTF-8"?>
<TestRun id="68063adc-4d76-4788-bf5a-e02d2b8e0ba6" name="PCM@PCM-PC 2011-05-30 21:48:28" runUser="PCM-PC\PCM" xmlns="http://microsoft.com/schemas/VisualStudio/TeamTest/2010">
  <TestSettings name="Local" id="2ee30008-8016-4a5f-bc3d-9decacd65fb8">
    <Description>These are default test settings for a local test run.</Description>
    <Deployment enabled="false" runDeploymentRoot="PCM_PCM-PC 2011-05-30 21_48_28">
      <DeploymentItem filename="E:\3. I.S.E.L\ISEL 2011\Projecto\ProjectosVS\ForgetTraffic\ForgetTraffic.DataModel\bin\Debug\ForgetTraffic.DataModel.dll" />
      <DeploymentItem filename="E:\3. I.S.E.L\ISEL 2011\Projecto\ProjectosVS\ForgetTraffic\ForgetTraffic.DAL\bin\Debug\ForgetTraffic.DAL.dll" />
      <DeploymentItem filename="E:\3. I.S.E.L\ISEL 2011\Projecto\ProjectosVS\ForgetTraffic\ForgetTraffic.Autentication\bin\Debug\ForgetTraffic.Autentication.dll" />
      <DeploymentItem filename="E:\3. I.S.E.L\ISEL 2011\Projecto\ProjectosVS\ForgetTraffic\ForgetTraffic.ServicesUtils\bin\Debug\ForgetTraffic.ServicesUtils.dll" />
    </Deployment>
    <Execution>
      <TestTypeSpecific />
      <AgentRule name="Execution Agents">
      </AgentRule>
    </Execution>
  </TestSettings>
  <Times creation="2011-05-30T21:48:28.0700945+01:00" queuing="2011-05-30T21:48:28.1570994+01:00" start="2011-05-30T21:48:28.2011020+01:00" finish="2011-05-30T21:48:30.5862384+01:00" />
  <ResultSummary outcome="Completed">
    <Counters total="3" executed="3" passed="3" error="0" failed="0" timeout="0" aborted="0" inconclusive="0" passedButRunAborted="0" notRunnable="0" notExecuted="0" disconnected="0" warning="0" completed="0" inProgress="0" pending="0" />
  </ResultSummary>
  <TestDefinitions>
    <UnitTest name="CreateUpdateProviderUserProviderTest" storage="e:\3. i.s.e.l\isel 2011\projecto\projectosvs\forgettraffic\forgettraffictests.autentication\bin\debug\forgettraffictests.autentication.dll" priority="2" id="afc8ea1b-2a52-0c03-e646-da2b450e1f64">
      <Execution id="f158da19-c9dc-4019-b770-a65abfe471f0" />
      <TestMethod codeBase="E:/3. I.S.E.L/ISEL 2011/Projecto/ProjectosVS/ForgetTraffic/ForgetTrafficTests.Autentication/bin/Debug/ForgetTrafficTests.Autentication.DLL" adapterTypeName="Microsoft.VisualStudio.TestTools.TestTypes.Unit.UnitTestAdapter, Microsoft.VisualStudio.QualityTools.Tips.UnitTest.Adapter, Version=10.0.0.0, Culture=neutral, PublicKeyToken=b03f5f7f11d50a3a" className="ForgetTrafficTests.Autentication.AccountManagerTest, ForgetTrafficTests.Autentication, Version=1.0.0.0, Culture=neutral, PublicKeyToken=null" name="CreateUpdateProviderUserProviderTest" />
    </UnitTest>
    <UnitTest name="CreateUserTest" storage="e:\3. i.s.e.l\isel 2011\projecto\projectosvs\forgettraffic\forgettraffictests.autentication\bin\debug\forgettraffictests.autentication.dll" priority="1" id="5552bc4b-a2ea-2fee-5268-8a8c4486979b">
      <Execution id="5c2da59e-16db-4fbf-bddf-e68142107ea0" />
      <TestMethod codeBase="E:/3. I.S.E.L/ISEL 2011/Projecto/ProjectosVS/ForgetTraffic/ForgetTrafficTests.Autentication/bin/Debug/ForgetTrafficTests.Autentication.DLL" adapterTypeName="Microsoft.VisualStudio.TestTools.TestTypes.Unit.UnitTestAdapter, Microsoft.VisualStudio.QualityTools.Tips.UnitTest.Adapter, Version=10.0.0.0, Culture=neutral, PublicKeyToken=b03f5f7f11d50a3a" className="ForgetTrafficTests.Autentication.AccountManagerTest, ForgetTrafficTests.Autentication, Version=1.0.0.0, Culture=neutral, PublicKeyToken=null" name="CreateUserTest" />
    </UnitTest>
    <UnitTest name="DeactiveUser" storage="e:\3. i.s.e.l\isel 2011\projecto\projectosvs\forgettraffic\forgettraffictests.autentication\bin\debug\forgettraffictests.autentication.dll" priority="3" id="4803f2e3-405f-d3e4-7e10-cfaa464b56af">
      <Execution id="aeca979d-68f7-4d52-aa36-7e7662b7441e" />
      <TestMethod codeBase="E:/3. I.S.E.L/ISEL 2011/Projecto/ProjectosVS/ForgetTraffic/ForgetTrafficTests.Autentication/bin/Debug/ForgetTrafficTests.Autentication.DLL" adapterTypeName="Microsoft.VisualStudio.TestTools.TestTypes.Unit.UnitTestAdapter, Microsoft.VisualStudio.QualityTools.Tips.UnitTest.Adapter, Version=10.0.0.0, Culture=neutral, PublicKeyToken=b03f5f7f11d50a3a" className="ForgetTrafficTests.Autentication.AccountManagerTest, ForgetTrafficTests.Autentication, Version=1.0.0.0, Culture=neutral, PublicKeyToken=null" name="DeactiveUser" />
    </UnitTest>
  </TestDefinitions>
  <TestLists>
    <TestList name="Lista de TEste" id="b3bfb357-bfcb-4e08-b247-8b99cc580d1a" parentListId="8c43106b-9dc1-4907-a29f-aa66a61bf5b6" />
    <TestList name="3.Desactivar" id="00011763-bf0d-4278-9426-b003925358b3" parentListId="b3bfb357-bfcb-4e08-b247-8b99cc580d1a">
      <TestLinks>
        <TestLink id="4803f2e3-405f-d3e4-7e10-cfaa464b56af" name="DeactiveUser" storage="e:\3. i.s.e.l\isel 2011\projecto\projectosvs\forgettraffic\forgettraffictests.autentication\bin\debug\forgettraffictests.autentication.dll" type="Microsoft.VisualStudio.TestTools.TestTypes.Unit.UnitTestElement, Microsoft.VisualStudio.QualityTools.Tips.UnitTest.ObjectModel, Version=10.0.0.0, Culture=neutral, PublicKeyToken=b03f5f7f11d50a3a" />
      </TestLinks>
    </TestList>
    <TestList name="All Loaded Results" id="19431567-8539-422a-85d7-44ee4e166bda" />
    <TestList name="Lists of Results" id="8c43106b-9dc1-4907-a29f-aa66a61bf5b6" />
    <TestList name="1.Criar" id="bb2b8806-9051-4b53-bd3e-174b9d2b51b8" parentListId="b3bfb357-bfcb-4e08-b247-8b99cc580d1a">
      <TestLinks>
        <TestLink id="5552bc4b-a2ea-2fee-5268-8a8c4486979b" name="CreateUserTest" storage="e:\3. i.s.e.l\isel 2011\projecto\projectosvs\forgettraffic\forgettraffictests.autentication\bin\debug\forgettraffictests.autentication.dll" type="Microsoft.VisualStudio.TestTools.TestTypes.Unit.UnitTestElement, Microsoft.VisualStudio.QualityTools.Tips.UnitTest.ObjectModel, Version=10.0.0.0, Culture=neutral, PublicKeyToken=b03f5f7f11d50a3a" />
      </TestLinks>
    </TestList>
    <TestList name="2.Criar Provider" id="2642ac4d-e126-486b-8ff4-00728430ab1b" parentListId="b3bfb357-bfcb-4e08-b247-8b99cc580d1a">
      <TestLinks>
        <TestLink id="afc8ea1b-2a52-0c03-e646-da2b450e1f64" name="CreateUpdateProviderUserProviderTest" storage="e:\3. i.s.e.l\isel 2011\projecto\projectosvs\forgettraffic\forgettraffictests.autentication\bin\debug\forgettraffictests.autentication.dll" type="Microsoft.VisualStudio.TestTools.TestTypes.Unit.UnitTestElement, Microsoft.VisualStudio.QualityTools.Tips.UnitTest.ObjectModel, Version=10.0.0.0, Culture=neutral, PublicKeyToken=b03f5f7f11d50a3a" />
      </TestLinks>
    </TestList>
  </TestLists>
  <TestEntries>
    <TestEntry testId="5552bc4b-a2ea-2fee-5268-8a8c4486979b" executionId="5c2da59e-16db-4fbf-bddf-e68142107ea0" testListId="bb2b8806-9051-4b53-bd3e-174b9d2b51b8" />
    <TestEntry testId="afc8ea1b-2a52-0c03-e646-da2b450e1f64" executionId="f158da19-c9dc-4019-b770-a65abfe471f0" testListId="2642ac4d-e126-486b-8ff4-00728430ab1b" />
    <TestEntry testId="4803f2e3-405f-d3e4-7e10-cfaa464b56af" executionId="aeca979d-68f7-4d52-aa36-7e7662b7441e" testListId="00011763-bf0d-4278-9426-b003925358b3" />
  </TestEntries>
  <Results>
    <UnitTestResult executionId="5c2da59e-16db-4fbf-bddf-e68142107ea0" testId="5552bc4b-a2ea-2fee-5268-8a8c4486979b" testName="CreateUserTest" computerName="PCM-PC" duration="00:00:00.4100805" startTime="2011-05-30T21:48:28.2191030+01:00" endTime="2011-05-30T21:48:28.9781464+01:00" testType="13cdc9d9-ddb5-4fa4-a97d-d965ccfc6d4b" outcome="Passed" testListId="bb2b8806-9051-4b53-bd3e-174b9d2b51b8" relativeResultsDirectory="5c2da59e-16db-4fbf-bddf-e68142107ea0">
    </UnitTestResult>
    <UnitTestResult executionId="f158da19-c9dc-4019-b770-a65abfe471f0" testId="afc8ea1b-2a52-0c03-e646-da2b450e1f64" testName="CreateUpdateProviderUserProviderTest" computerName="PCM-PC" duration="00:00:00.0410309" startTime="2011-05-30T21:48:28.9821466+01:00" endTime="2011-05-30T21:48:29.0271492+01:00" testType="13cdc9d9-ddb5-4fa4-a97d-d965ccfc6d4b" outcome="Passed" testListId="2642ac4d-e126-486b-8ff4-00728430ab1b" relativeResultsDirectory="f158da19-c9dc-4019-b770-a65abfe471f0">
    </UnitTestResult>
    <UnitTestResult executionId="aeca979d-68f7-4d52-aa36-7e7662b7441e" testId="4803f2e3-405f-d3e4-7e10-cfaa464b56af" testName="DeactiveUser" computerName="PCM-PC" duration="00:00:00.0103994" startTime="2011-05-30T21:48:29.0291493+01:00" endTime="2011-05-30T21:48:29.0441502+01:00" testType="13cdc9d9-ddb5-4fa4-a97d-d965ccfc6d4b" outcome="Passed" testListId="00011763-bf0d-4278-9426-b003925358b3" relativeResultsDirectory="aeca979d-68f7-4d52-aa36-7e7662b7441e">
    </UnitTestResult>
  </Results>
</TestRun>